[www.black90.co.uk/index.html]
[backblue.gif]
[fade.gif]
[index.html]
[www.black90.co.uk/favicon.ico]
[www.black90.co.uk/media/plugin_googlemap3/site/googlemaps/googlemapsv3.js]
[www.black90.co.uk/indexc0d0.html]
[www.black90.co.uk/index7b17.html]
[www.black90.co.uk/privacy-policy.html]
[www.black90.co.uk/images/black-90-logo-white-text.png]
[www.black90.co.uk/about/about-black90.html]
[www.black90.co.uk/about/news.html]
[www.black90.co.uk/land-rover-service.html]
[www.black90.co.uk/images/nav/land-rover-discovery-outdoors.jpg]
[www.black90.co.uk/range-rover-service.html]
[www.black90.co.uk/images/nav/range-rover-outdoors.jpg]
[www.black90.co.uk/land-rover-repair.html]
[www.black90.co.uk/range-rover-repair.html]
[www.black90.co.uk/land-rover-diagnostic.html]
[www.black90.co.uk/land-rover-off-road-parts.html]
[www.black90.co.uk/images/home/range-rover-evoque.jpg]
[www.black90.co.uk/land-rover-parts.html]
[www.black90.co.uk/images/home/logo/black-90-logo-tiremarks-white.png]
[www.black90.co.uk/images/home/logo/black-90-logo-black-white.png]
[www.black90.co.uk/images/home/logo/black-90-logo-90.png]
[www.black90.co.uk/images/home/logo/black-90-logo-car.png]
[www.black90.co.uk/images/home/logo/black-90-logo-blackline-white.png]
[www.black90.co.uk/images/home/logo/black-90-logo-greenline.png]
[www.black90.co.uk/images/home/logo/black-90-logo-landrover-letters.png]
[www.black90.co.uk/images/home/landrover-discovery-slider.jpg]
[www.black90.co.uk/images/home/rangerover-evouge-slider.jpg]
[www.black90.co.uk/images/services/fold1/range-rover-evoque-mobile.jpg]
[www.black90.co.uk/images/services/fold1/landrover-discovery-slider-mobile.jpg]
[www.black90.co.uk/images/services/fold1/rangerover-evouge-slider-mobile.jpg]
[www.black90.co.uk/images/home/gallery/land-rover-90.jpg]
[www.black90.co.uk/images/home/gallery/land-rover-offroad.jpg]
[www.black90.co.uk/images/home/gallery/land-rover.jpg]
[www.black90.co.uk/images/home/gallery/range-rover.jpg]
[www.black90.co.uk/images/home/2007-land-rover-discovery-3.png]
[www.black90.co.uk/images/whatsapp-icon.png]
[www.black90.co.uk/sitemap.html]
[www.black90.co.uk/media/plg_jchoptimize/cache/js/82cff99635eefed56416cbaee185cdd4_0.js]
[www.black90.co.uk/index.html]
[www.black90.co.uk/privacy-policy.html]
[www.black90.co.uk/about/about-black90c0d0]
[www.black90.co.uk/about/about-black907b17]
[www.black90.co.uk/media/plg_jchoptimize/cache/js/6982c78c80efa3f3e98fbb25d1e286f5_0.js]
[www.black90.co.uk/about/about-black90.html]
[www.black90.co.uk/about/newsc0d0]
[www.black90.co.uk/about/news7b17]
[www.black90.co.uk/media/plg_jchoptimize/cache/js/bd165dec6484c7144b998eacd84cc98c_0.js]
[www.black90.co.uk/about/news.html]
[www.black90.co.uk/land-rover-servicec0d0]
[www.black90.co.uk/land-rover-service7b17]
[www.black90.co.uk/images/layerslider/Land-Rover-Service-fold-1/black-90-logo-tiremarks-white.png]
[www.black90.co.uk/images/layerslider/Land-Rover-Service-fold-1/black-90-logo-black-white.png]
[www.black90.co.uk/images/layerslider/Land-Rover-Service-fold-1/black-90-logo-90.png]
[www.black90.co.uk/images/layerslider/Land-Rover-Service-fold-1/black-90-logo-car.png]
[www.black90.co.uk/images/layerslider/Land-Rover-Service-fold-1/black-90-logo-blackline-white.png]
[www.black90.co.uk/images/layerslider/Land-Rover-Service-fold-1/black-90-logo-greenline.png]
[www.black90.co.uk/images/layerslider/Land-Rover-Service-fold-1/black-90-logo-landrover-letters.png]
[www.black90.co.uk/images/layerslider/Land-Rover-Service-fold-1-below-640/black-90-logo-tiremarks-white.png]
[www.black90.co.uk/images/layerslider/Land-Rover-Service-fold-1-below-640/black-90-logo-black-white.png]
[www.black90.co.uk/images/layerslider/Land-Rover-Service-fold-1-below-640/black-90-logo-90.png]
[www.black90.co.uk/images/layerslider/Land-Rover-Service-fold-1-below-640/black-90-logo-car.png]
[www.black90.co.uk/images/layerslider/Land-Rover-Service-fold-1-below-640/black-90-logo-blackline-white.png]
[www.black90.co.uk/images/layerslider/Land-Rover-Service-fold-1-below-640/black-90-logo-greenline.png]
[www.black90.co.uk/images/layerslider/Land-Rover-Service-fold-1-below-640/black-90-logo-landrover-letters.png]
[www.black90.co.uk/media/plg_jchoptimize/cache/js/d9d735e002cce634a3b091e25793643f_0.js]
[www.black90.co.uk/land-rover-service.html]
[www.black90.co.uk/range-rover-servicec0d0]
[www.black90.co.uk/range-rover-service7b17]
[www.black90.co.uk/images/layerslider/Range-Rover-Service-fold-1/black-90-logo-tiremarks-white.png]
[www.black90.co.uk/images/layerslider/Range-Rover-Service-fold-1/black-90-logo-black-white.png]
[www.black90.co.uk/images/layerslider/Range-Rover-Service-fold-1/black-90-logo-90.png]
[www.black90.co.uk/images/layerslider/Range-Rover-Service-fold-1/black-90-logo-car.png]
[www.black90.co.uk/images/layerslider/Range-Rover-Service-fold-1/black-90-logo-blackline-white.png]
[www.black90.co.uk/images/layerslider/Range-Rover-Service-fold-1/black-90-logo-greenline.png]
[www.black90.co.uk/images/layerslider/Range-Rover-Service-fold-1/black-90-logo-landrover-letters.png]
[www.black90.co.uk/images/layerslider/Range-Rover-Service-fold-1-below-640/black-90-logo-tiremarks-white.png]
[www.black90.co.uk/images/layerslider/Range-Rover-Service-fold-1-below-640/black-90-logo-black-white.png]
[www.black90.co.uk/images/layerslider/Range-Rover-Service-fold-1-below-640/black-90-logo-90.png]
[www.black90.co.uk/images/layerslider/Range-Rover-Service-fold-1-below-640/black-90-logo-car.png]
[www.black90.co.uk/images/layerslider/Range-Rover-Service-fold-1-below-640/black-90-logo-blackline-white.png]
[www.black90.co.uk/images/layerslider/Range-Rover-Service-fold-1-below-640/black-90-logo-greenline.png]
[www.black90.co.uk/images/layerslider/Range-Rover-Service-fold-1-below-640/black-90-logo-landrover-letters.png]
[www.black90.co.uk/404.html]
[www.black90.co.uk/media/plg_jchoptimize/cache/js/57d92d93a18fa97816e1b3cb84052b0a_0.js]
[www.black90.co.uk/range-rover-service.html]
[www.black90.co.uk/land-rover-repairc0d0]
[www.black90.co.uk/land-rover-repair7b17]
[www.black90.co.uk/images/layerslider/Land-Rover-Repair-fold-1/black-90-logo-tiremarks-white.png]
[www.black90.co.uk/images/layerslider/Land-Rover-Repair-fold-1/black-90-logo-black-white.png]
[www.black90.co.uk/images/layerslider/Land-Rover-Repair-fold-1/black-90-logo-90.png]
[www.black90.co.uk/images/layerslider/Land-Rover-Repair-fold-1/black-90-logo-car.png]
[www.black90.co.uk/images/layerslider/Land-Rover-Repair-fold-1/black-90-logo-blackline-white.png]
[www.black90.co.uk/images/layerslider/Land-Rover-Repair-fold-1/black-90-logo-greenline.png]
[www.black90.co.uk/images/layerslider/Land-Rover-Repair-fold-1/black-90-logo-landrover-letters.png]
[www.black90.co.uk/images/layerslider/Land-Rover-Repairs-fold-1-below-640/black-90-logo-tiremarks-white.png]
[www.black90.co.uk/images/layerslider/Land-Rover-Repairs-fold-1-below-640/black-90-logo-black-white.png]
[www.black90.co.uk/images/layerslider/Land-Rover-Repairs-fold-1-below-640/black-90-logo-90.png]
[www.black90.co.uk/images/layerslider/Land-Rover-Repairs-fold-1-below-640/black-90-logo-car.png]
[www.black90.co.uk/images/layerslider/Land-Rover-Repairs-fold-1-below-640/black-90-logo-blackline-white.png]
[www.black90.co.uk/images/layerslider/Land-Rover-Repairs-fold-1-below-640/black-90-logo-greenline.png]
[www.black90.co.uk/images/layerslider/Land-Rover-Repairs-fold-1-below-640/black-90-logo-landrover-letters.png]
[www.black90.co.uk/media/plg_jchoptimize/cache/js/f6caf0326b3b377fe844d81b2e287533_0.js]
[www.black90.co.uk/land-rover-repair.html]
[www.black90.co.uk/range-rover-repairc0d0]
[www.black90.co.uk/range-rover-repair7b17]
[www.black90.co.uk/images/layerslider/Range-Rover-Repair-fold-1/black-90-logo-tiremarks-white.png]
[www.black90.co.uk/images/layerslider/Range-Rover-Repair-fold-1/black-90-logo-black-white.png]
[www.black90.co.uk/images/layerslider/Range-Rover-Repair-fold-1/black-90-logo-90.png]
[www.black90.co.uk/images/layerslider/Range-Rover-Repair-fold-1/black-90-logo-car.png]
[www.black90.co.uk/images/layerslider/Range-Rover-Repair-fold-1/black-90-logo-blackline-white.png]
[www.black90.co.uk/images/layerslider/Range-Rover-Repair-fold-1/black-90-logo-greenline.png]
[www.black90.co.uk/images/layerslider/Range-Rover-Repair-fold-1/black-90-logo-landrover-letters.png]
[www.black90.co.uk/images/layerslider/Range-Rover-Repairs-fold-1-below-640/black-90-logo-tiremarks-white.png]
[www.black90.co.uk/images/layerslider/Range-Rover-Repairs-fold-1-below-640/black-90-logo-black-white.png]
[www.black90.co.uk/images/layerslider/Range-Rover-Repairs-fold-1-below-640/black-90-logo-90.png]
[www.black90.co.uk/images/layerslider/Range-Rover-Repairs-fold-1-below-640/black-90-logo-car.png]
[www.black90.co.uk/images/layerslider/Range-Rover-Repairs-fold-1-below-640/black-90-logo-blackline-white.png]
[www.black90.co.uk/images/layerslider/Range-Rover-Repairs-fold-1-below-640/black-90-logo-greenline.png]
[www.black90.co.uk/images/layerslider/Range-Rover-Repairs-fold-1-below-640/black-90-logo-landrover-letters.png]
[www.black90.co.uk/media/plg_jchoptimize/cache/js/97bc18f9ec2997ed4ce1f802b1355c46_0.js]
[www.black90.co.uk/range-rover-repair.html]
[www.black90.co.uk/land-rover-diagnosticc0d0]
[www.black90.co.uk/land-rover-diagnostic7b17]
[www.black90.co.uk/images/layerslider/Diagnostics-fold-1-copy/black-90-logo-tiremarks-white.png]
[www.black90.co.uk/images/layerslider/Diagnostics-fold-1-copy/black-90-logo-black-white.png]
[www.black90.co.uk/images/layerslider/Diagnostics-fold-1-copy/black-90-logo-90.png]
[www.black90.co.uk/images/layerslider/Diagnostics-fold-1-copy/black-90-logo-car.png]
[www.black90.co.uk/images/layerslider/Diagnostics-fold-1-copy/black-90-logo-blackline-white.png]
[www.black90.co.uk/images/layerslider/Diagnostics-fold-1-copy/black-90-logo-greenline.png]
[www.black90.co.uk/images/layerslider/Diagnostics-fold-1-copy/black-90-logo-landrover-letters.png]
[www.black90.co.uk/images/layerslider/Diagnostic-fold-1-below-640/black-90-logo-tiremarks-white.png]
[www.black90.co.uk/images/layerslider/Diagnostic-fold-1-below-640/black-90-logo-black-white.png]
[www.black90.co.uk/images/layerslider/Diagnostic-fold-1-below-640/black-90-logo-90.png]
[www.black90.co.uk/images/layerslider/Diagnostic-fold-1-below-640/black-90-logo-car.png]
[www.black90.co.uk/images/layerslider/Diagnostic-fold-1-below-640/black-90-logo-blackline-white.png]
[www.black90.co.uk/images/layerslider/Diagnostic-fold-1-below-640/black-90-logo-greenline.png]
[www.black90.co.uk/images/layerslider/Diagnostic-fold-1-below-640/black-90-logo-landrover-letters.png]
[www.black90.co.uk/media/plg_jchoptimize/cache/js/a28f32e173cdd7f653cdd893d2dba376_0.js]
[www.black90.co.uk/land-rover-diagnostic.html]
[www.black90.co.uk/land-rover-off-road-partsc0d0]
[www.black90.co.uk/land-rover-off-road-parts7b17]
[www.black90.co.uk/images/layerslider/Offroad-fold-1/black-90-logo-tiremarks-white.png]
[www.black90.co.uk/images/layerslider/Offroad-fold-1/black-90-logo-black-white.png]
[www.black90.co.uk/images/layerslider/Offroad-fold-1/black-90-logo-90.png]
[www.black90.co.uk/images/layerslider/Offroad-fold-1/black-90-logo-car.png]
[www.black90.co.uk/images/layerslider/Offroad-fold-1/black-90-logo-blackline-white.png]
[www.black90.co.uk/images/layerslider/Offroad-fold-1/black-90-logo-greenline.png]
[www.black90.co.uk/images/layerslider/Offroad-fold-1/black-90-logo-landrover-letters.png]
[www.black90.co.uk/images/layerslider/Offroad-fold-1-below-640/black-90-logo-tiremarks-white.png]
[www.black90.co.uk/images/layerslider/Offroad-fold-1-below-640/black-90-logo-black-white.png]
[www.black90.co.uk/images/layerslider/Offroad-fold-1-below-640/black-90-logo-90.png]
[www.black90.co.uk/images/layerslider/Offroad-fold-1-below-640/black-90-logo-car.png]
[www.black90.co.uk/images/layerslider/Offroad-fold-1-below-640/black-90-logo-blackline-white.png]
[www.black90.co.uk/images/layerslider/Offroad-fold-1-below-640/black-90-logo-greenline.png]
[www.black90.co.uk/images/layerslider/Offroad-fold-1-below-640/black-90-logo-landrover-letters.png]
[www.black90.co.uk/media/plg_jchoptimize/cache/js/2e497379c89c4cd6bca2236e1f2f786b_0.js]
[www.black90.co.uk/land-rover-off-road-parts.html]
[www.black90.co.uk/land-rover-partsc0d0]
[www.black90.co.uk/land-rover-parts7b17]
[www.black90.co.uk/images/layerslider/PArts-fold-1/black-90-logo-tiremarks-white.png]
[www.black90.co.uk/images/layerslider/PArts-fold-1/black-90-logo-black-white.png]
[www.black90.co.uk/images/layerslider/PArts-fold-1/black-90-logo-90.png]
[www.black90.co.uk/images/layerslider/PArts-fold-1/black-90-logo-car.png]
[www.black90.co.uk/images/layerslider/PArts-fold-1/black-90-logo-blackline-white.png]
[www.black90.co.uk/images/layerslider/PArts-fold-1/black-90-logo-greenline.png]
[www.black90.co.uk/images/layerslider/PArts-fold-1/black-90-logo-landrover-letters.png]
[www.black90.co.uk/images/layerslider/Parts-fold-1-below-640/black-90-logo-tiremarks-white.png]
[www.black90.co.uk/images/layerslider/Parts-fold-1-below-640/black-90-logo-black-white.png]
[www.black90.co.uk/images/layerslider/Parts-fold-1-below-640/black-90-logo-90.png]
[www.black90.co.uk/images/layerslider/Parts-fold-1-below-640/black-90-logo-car.png]
[www.black90.co.uk/images/layerslider/Parts-fold-1-below-640/black-90-logo-blackline-white.png]
[www.black90.co.uk/images/layerslider/Parts-fold-1-below-640/black-90-logo-greenline.png]
[www.black90.co.uk/images/layerslider/Parts-fold-1-below-640/black-90-logo-landrover-letters.png]
[www.black90.co.uk/media/plg_jchoptimize/cache/js/e6149f5f91cadffa34c5d7ca4aed1633_0.js]
[www.black90.co.uk/land-rover-parts.html]
[www.black90.co.uk/media/plg_jchoptimize/cache/js/29742b37b25e7dd6ee3ecb01b63fd288_0.js]
[www.black90.co.uk/sitemap.html]
[www.black90.co.uk/images/worth.png]
[www.black90.co.uk/images/home/logo/black-90-logo-tiremarks.png]
[www.black90.co.uk/images/multiwebmarketing-facebook-globe-small.png]
[www.black90.co.uk/images/services/fold1/landrover-servicing-slider.jpg]
[www.black90.co.uk/images/services/fold1/landrover-repairs-slider.jpg]
[www.black90.co.uk/images/services/fold1/range-rover-repairs-slider.jpg]
[www.black90.co.uk/images/services/fold1/landrover-diagnostics-slider.jpg]
[www.black90.co.uk/images/services/fold1/landrover-off-road-preperation.jpg]
[www.black90.co.uk/images/services/fold1/landrover-parts-slider.jpg]
[www.black90.co.uk/images/services/fold1/landrover-servicing-slider-mobile.jpg]
[www.black90.co.uk/images/services/fold1/landrover-repairs-slider-mobile.jpg]
[www.black90.co.uk/images/services/fold1/range-rover-repairs-slider-mobile.jpg]
[www.black90.co.uk/images/services/fold1/landrover-diagnostics-slider-mobile.jpg]
[www.black90.co.uk/images/services/fold1/landrover-off-road-preperation-mobile.jpg]
[www.black90.co.uk/images/services/fold1/landrover-parts-slider-mobile.jpg]
[www.black90.co.uk/media/jui/img/glyphicons-halflings.png]
[www.black90.co.uk/media/jui/img/glyphicons-halflings-white.png]
[www.black90.co.uk/media/system/images/modal/closebox.png]
[www.black90.co.uk/media/system/images/modal/spinner.gif]
[www.black90.co.uk/media/system/images/modal/bg_n.png]
[www.black90.co.uk/images/jch-optimize/csg-284f4e8eae798ba4136ca94318a7f11f.png]
[www.black90.co.uk/media/system/images/modal/bg_e.png]
[www.black90.co.uk/media/system/images/modal/bg_s.png]
[www.black90.co.uk/media/system/images/modal/bg_w.png]
[www.black90.co.uk/media/plg_jchoptimize/cache/css/02fbde71ff5e59929c0b60614e8d1226_0.css]
[www.black90.co.uk/media/plg_jchoptimize/cache/css/38310a7932e869b6a08dce5f3b9b4c37_0.css]
[www.black90.co.uk/media/plg_jchoptimize/cache/css/fae7d4fcb197e8bcbde83f66f05399c6_0.css]
[www.black90.co.uk/404.html]
[www.black90.co.uk/media/plg_jchoptimize/cache/css/c6790e2c4eece94817f801b1d5e566fe_0.css]
[www.black90.co.uk/media/plg_jchoptimize/cache/css/c4af4c136e599f45f77da9585c8d5429_0.css]
[www.black90.co.uk/media/plg_jchoptimize/cache/css/b3eee995a630fb9cb66ac307e7d74285_0.css]
[www.black90.co.uk/media/plg_jchoptimize/cache/css/385828d86d7f7dc09ff21603face2d3e_0.css]
[www.black90.co.uk/media/plg_jchoptimize/cache/css/893ef2325bdaaaf20670412356867ca4_0.css]
[www.black90.co.uk/media/plg_jchoptimize/cache/css/d9efedfe19242d3a628d6b35b8a18f74_0.css]
[www.black90.co.uk/media/plg_jchoptimize/cache/css/c7243c72307a3272ae6fb1e64c44a060_0.css]
